[debug] [2026-05-27T15:44:50.873Z] ----------------------------------------------------------------------
[debug] [2026-05-27T15:44:50.877Z] Command:       C:\Program Files\nodejs\node.exe C:\Users\Shree\AppData\Roaming\npm\node_modules\firebase-tools\lib\bin\firebase.js init
[debug] [2026-05-27T15:44:50.878Z] CLI Version:   15.18.0
[debug] [2026-05-27T15:44:50.878Z] Platform:      win32
[debug] [2026-05-27T15:44:50.878Z] Node Version:  v24.15.0
[debug] [2026-05-27T15:44:50.878Z] Time:          Wed May 27 2026 21:14:50 GMT+0530 (India Standard Time)
[debug] [2026-05-27T15:44:50.878Z] ----------------------------------------------------------------------
[debug] 
[info] 
     ######## #### ########  ######## ########     ###     ######  ########
     ##        ##  ##     ## ##       ##     ##  ##   ##  ##       ##
     ######    ##  ########  ######   ########  #########  ######  ######
     ##        ##  ##    ##  ##       ##     ## ##     ##       ## ##
     ##       #### ##     ## ######## ########  ##     ##  ######  ########

You're about to initialize a Firebase project in this directory:

  C:\Users\Shree\Desktop\myapp\smarthealthcare

[debug] [2026-05-27T15:47:19.117Z] ExitPromptError: User force closed the prompt with SIGINT
    at Interface.sigint (C:\Users\Shree\AppData\Roaming\npm\node_modules\firebase-tools\node_modules\@inquirer\core\dist\commonjs\lib\create-prompt.js:101:37)
    at Interface.emit (node:events:509:28)
    at [_ttyWrite] [as _ttyWrite] (node:internal/readline/interface:1327:18)
    at ReadStream.onkeypress (node:internal/readline/interface:284:20)
    at ReadStream.emit (node:events:521:24)
    at emitKeys (node:internal/readline/utils:371:14)
    at emitKeys.next (<anonymous>)
    at ReadStream.onData (node:internal/readline/emitKeypressEvents:64:36)
    at ReadStream.emit (node:events:509:28)
    at addChunk (node:internal/streams/readable:563:12)
[error] 
[error] Error: An unexpected error has occurred.
